// Jest Snapshot v1, https://goo.gl/fbAQLP

exports[`fix open HTML tags 1`] = `
"hello

<br>  

world
"
`;

exports[`leaves normal markdown alone 1`] = `
"**bold** _italics_
"
`;
