// Jest Snapshot v1, https://goo.gl/fbAQLP

exports[`closes open tags 1`] = `
Object {
  "children": Array [
    Object {
      "children": Array [
        Object {
          "children": Array [
            Object {
              "position": Object {
                "end": Object {
                  "column": 8,
                  "line": 1,
                  "offset": 7,
                },
                "start": Object {
                  "column": 3,
                  "line": 1,
                  "offset": 2,
                },
              },
              "type": "text",
              "value": "Hello",
            },
          ],
          "position": Object {
            "end": Object {
              "column": 10,
              "line": 1,
              "offset": 9,
            },
            "start": Object {
              "column": 1,
              "line": 1,
              "offset": 0,
            },
          },
          "type": "strong",
        },
        Object {
          "position": Object {
            "end": Object {
              "column": 1,
              "line": 2,
              "offset": 11,
            },
            "start": Object {
              "column": 11,
              "line": 1,
              "offset": 10,
            },
          },
          "type": "text",
          "value": "
",
        },
        Object {
          "position": Object {
            "end": Object {
              "column": 9,
              "line": 2,
              "offset": 19,
            },
            "start": Object {
              "column": 5,
              "line": 2,
              "offset": 15,
            },
          },
          "type": "html",
          "value": "<br />",
        },
        Object {
          "position": Object {
            "end": Object {
              "column": 1,
              "line": 3,
              "offset": 21,
            },
            "start": Object {
              "column": 10,
              "line": 2,
              "offset": 20,
            },
          },
          "type": "text",
          "value": "
",
        },
        Object {
          "children": Array [
            Object {
              "position": Object {
                "end": Object {
                  "column": 11,
                  "line": 3,
                  "offset": 31,
                },
                "start": Object {
                  "column": 6,
                  "line": 3,
                  "offset": 26,
                },
              },
              "type": "text",
              "value": "world",
            },
          ],
          "position": Object {
            "end": Object {
              "column": 12,
              "line": 3,
              "offset": 32,
            },
            "start": Object {
              "column": 5,
              "line": 3,
              "offset": 25,
            },
          },
          "type": "emphasis",
        },
      ],
      "position": Object {
        "end": Object {
          "column": 12,
          "line": 3,
          "offset": 32,
        },
        "start": Object {
          "column": 1,
          "line": 1,
          "offset": 0,
        },
      },
      "type": "paragraph",
    },
  ],
  "position": Object {
    "end": Object {
      "column": 12,
      "line": 3,
      "offset": 32,
    },
    "start": Object {
      "column": 1,
      "line": 1,
      "offset": 0,
    },
  },
  "type": "root",
}
`;
